=== deployment dqwen3.5-2b-base-v3 2026-08-27T01:01:15-05:00 ===
Loading weights:   0%|          | 0/320 [00:00<?, ?it/s]Loading weights: 100%|██████████| 320/320 [00:00<00:00, 11456.72it/s]
[dqwen3.5-2b-base-v3] {'model': 'dqwen3.5-2b-base-v3', 'revision': 'step50000-swa', 'd': 2048, 'vocab': 248320, 'device': 'NVIDIA GH200 120GB', 'torch': '2.10.0+cu129', 'sdpa_arm': 'fast', 'flash_sdp': True, 'mem_eff_sdp': True, 'fla': True, 'causal_conv1d': True, 'trunk_module': 'Qwen3_5TextModel', 'embeds_kw': 'inputs_embeds', 'warmup': 5}
[dqwen3.5-2b-base-v3] full B=1 L=256: 40.135ms 6378 tok/s 3745MB
[dqwen3.5-2b-base-v3] full B=2 L=256: 38.705ms 13228 tok/s 3870MB
[dqwen3.5-2b-base-v3] full B=4 L=256: 40.24ms 25447 tok/s 4119MB
[dqwen3.5-2b-base-v3] full B=8 L=256: 41.136ms 49786 tok/s 4615MB
[dqwen3.5-2b-base-v3] full B=16 L=256: 43.581ms 93986 tok/s 5610MB
[dqwen3.5-2b-base-v3] full B=32 L=256: 72.935ms 112319 tok/s 7598MB
[dqwen3.5-2b-base-v3] full B=1 L=512: 40.887ms 12522 tok/s 3868MB
[dqwen3.5-2b-base-v3] full B=2 L=512: 41.729ms 24539 tok/s 4119MB
[dqwen3.5-2b-base-v3] full B=4 L=512: 43.336ms 47259 tok/s 4615MB
[dqwen3.5-2b-base-v3] full B=8 L=512: 46.019ms 89007 tok/s 5609MB
[dqwen3.5-2b-base-v3] full B=16 L=512: 72.709ms 112668 tok/s 7598MB
[dqwen3.5-2b-base-v3] full B=32 L=512: 140.092ms 116952 tok/s 11574MB
[dqwen3.5-2b-base-v3] full B=1 L=1024: 41.848ms 24470 tok/s 4115MB
[dqwen3.5-2b-base-v3] full B=2 L=1024: 43.986ms 46560 tok/s 4615MB
[dqwen3.5-2b-base-v3] full B=4 L=1024: 46.803ms 87516 tok/s 5609MB
[dqwen3.5-2b-base-v3] full B=8 L=1024: 73.044ms 112152 tok/s 7598MB
[dqwen3.5-2b-base-v3] full B=16 L=1024: 140.275ms 116799 tok/s 11574MB
[dqwen3.5-2b-base-v3] full B=32 L=1024: 275.453ms 118960 tok/s 19526MB
[dqwen3.5-2b-base-v3] full B=1 L=2048: 43.21ms 47396 tok/s 4607MB
[dqwen3.5-2b-base-v3] full B=2 L=2048: 45.959ms 89123 tok/s 5609MB
[dqwen3.5-2b-base-v3] full B=4 L=2048: 73.692ms 111165 tok/s 7597MB
[dqwen3.5-2b-base-v3] full B=8 L=2048: 142.447ms 115018 tok/s 11574MB
[dqwen3.5-2b-base-v3] full B=16 L=2048: 279.95ms 117049 tok/s 19526MB
[dqwen3.5-2b-base-v3] full B=32 L=2048: 551.668ms 118796 tok/s 35431MB
[dqwen3.5-2b-base-v3] full B=1 L=4096: 45.418ms 90185 tok/s 5593MB
[dqwen3.5-2b-base-v3] full B=2 L=4096: 76.762ms 106719 tok/s 7597MB
[dqwen3.5-2b-base-v3] full B=4 L=4096: 146.818ms 111594 tok/s 11574MB
[dqwen3.5-2b-base-v3] full B=8 L=4096: 289.487ms 113193 tok/s 19526MB
[dqwen3.5-2b-base-v3] full B=16 L=4096: 570.135ms 114948 tok/s 35431MB
[dqwen3.5-2b-base-v3] full B=32 L=4096: 1130.352ms 115957 tok/s 67240MB
[dqwen3.5-2b-base-v3] full B=1 L=8192: 83.379ms 98250 tok/s 7565MB
[dqwen3.5-2b-base-v3] full B=2 L=8192: 159.957ms 102428 tok/s 11574MB
[dqwen3.5-2b-base-v3] full B=4 L=8192: 311.685ms 105132 tok/s 19526MB
[dqwen3.5-2b-base-v3] full B=8 L=8192: 615.367ms 106499 tok/s 35430MB
[dqwen3.5-2b-base-v3] full B=16 L=8192: 1217.112ms 107691 tok/s 67240MB
[dqwen3.5-2b-base-v3] full B=32 L=8192: OOM
[dqwen3.5-2b-base-v3] trunk B=1 L=256: 38.145ms 6711 tok/s 3641MB
[dqwen3.5-2b-base-v3] trunk B=2 L=256: 38.866ms 13173 tok/s 3659MB
[dqwen3.5-2b-base-v3] trunk B=4 L=256: 38.392ms 26672 tok/s 3696MB
[dqwen3.5-2b-base-v3] trunk B=8 L=256: 37.958ms 53954 tok/s 3771MB
[dqwen3.5-2b-base-v3] trunk B=16 L=256: 37.324ms 109742 tok/s 3920MB
[dqwen3.5-2b-base-v3] trunk B=32 L=256: 61.496ms 133212 tok/s 4218MB
[dqwen3.5-2b-base-v3] trunk B=1 L=512: 36.514ms 14022 tok/s 3659MB
[dqwen3.5-2b-base-v3] trunk B=2 L=512: 36.374ms 28152 tok/s 3696MB
[dqwen3.5-2b-base-v3] trunk B=4 L=512: 39.137ms 52329 tok/s 3771MB
[dqwen3.5-2b-base-v3] trunk B=8 L=512: 39.325ms 104158 tok/s 3920MB
[dqwen3.5-2b-base-v3] trunk B=16 L=512: 61.835ms 132482 tok/s 4218MB
[dqwen3.5-2b-base-v3] trunk B=32 L=512: 116.866ms 140195 tok/s 4815MB
[dqwen3.5-2b-base-v3] trunk B=1 L=1024: 38.666ms 26483 tok/s 3696MB
[dqwen3.5-2b-base-v3] trunk B=2 L=1024: 38.76ms 52838 tok/s 3771MB
[dqwen3.5-2b-base-v3] trunk B=4 L=1024: 39.101ms 104754 tok/s 3920MB
[dqwen3.5-2b-base-v3] trunk B=8 L=1024: 62.412ms 131257 tok/s 4218MB
[dqwen3.5-2b-base-v3] trunk B=16 L=1024: 117.886ms 138982 tok/s 4815MB
[dqwen3.5-2b-base-v3] trunk B=32 L=1024: 230.083ms 142418 tok/s 6008MB
[dqwen3.5-2b-base-v3] trunk B=1 L=2048: 38.539ms 53141 tok/s 3771MB
[dqwen3.5-2b-base-v3] trunk B=2 L=2048: 38.899ms 105298 tok/s 3920MB
[dqwen3.5-2b-base-v3] trunk B=4 L=2048: 63.651ms 128702 tok/s 4218MB
[dqwen3.5-2b-base-v3] trunk B=8 L=2048: 120.584ms 135872 tok/s 4815MB
[dqwen3.5-2b-base-v3] trunk B=16 L=2048: 235.429ms 139184 tok/s 6008MB
[dqwen3.5-2b-base-v3] trunk B=32 L=2048: 465.768ms 140705 tok/s 8395MB
[dqwen3.5-2b-base-v3] trunk B=1 L=4096: 38.959ms 105136 tok/s 3920MB
[dqwen3.5-2b-base-v3] trunk B=2 L=4096: 66.878ms 122492 tok/s 4218MB
[dqwen3.5-2b-base-v3] trunk B=4 L=4096: 125.444ms 130608 tok/s 4815MB
[dqwen3.5-2b-base-v3] trunk B=8 L=4096: 244.991ms 133752 tok/s 6008MB
[dqwen3.5-2b-base-v3] trunk B=16 L=4096: 483.782ms 135466 tok/s 8395MB
[dqwen3.5-2b-base-v3] trunk B=32 L=4096: 966.454ms 135622 tok/s 13169MB
[dqwen3.5-2b-base-v3] trunk B=1 L=8192: 73.709ms 111140 tok/s 4218MB
[dqwen3.5-2b-base-v3] trunk B=2 L=8192: 136.893ms 119685 tok/s 4815MB
[dqwen3.5-2b-base-v3] trunk B=4 L=8192: 265.253ms 123535 tok/s 6008MB
[dqwen3.5-2b-base-v3] trunk B=8 L=8192: 526.695ms 124429 tok/s 8395MB
[dqwen3.5-2b-base-v3] trunk B=16 L=8192: 1052.347ms 124552 tok/s 13169MB
[dqwen3.5-2b-base-v3] trunk B=32 L=8192: 2097.323ms 124990 tok/s 22717MB
[dqwen3.5-2b-base-v3] head B=1 L=256: 0.423ms 605201 tok/s 3744MB
[dqwen3.5-2b-base-v3] head B=2 L=256: 0.717ms 714086 tok/s 3866MB
[dqwen3.5-2b-base-v3] head B=4 L=256: 1.406ms 728307 tok/s 4111MB
[dqwen3.5-2b-base-v3] head B=8 L=256: 2.894ms 707671 tok/s 4599MB
[dqwen3.5-2b-base-v3] head B=16 L=256: 5.683ms 720746 tok/s 5577MB
[dqwen3.5-2b-base-v3] head B=32 L=256: 11.466ms 714460 tok/s 7533MB
[dqwen3.5-2b-base-v3] head B=1 L=512: 0.814ms 628993 tok/s 3866MB
[dqwen3.5-2b-base-v3] head B=2 L=512: 1.464ms 699454 tok/s 4111MB
[dqwen3.5-2b-base-v3] head B=4 L=512: 2.907ms 704506 tok/s 4599MB
[dqwen3.5-2b-base-v3] head B=8 L=512: 5.668ms 722653 tok/s 5577MB
[dqwen3.5-2b-base-v3] head B=16 L=512: 11.469ms 714273 tok/s 7533MB
[dqwen3.5-2b-base-v3] head B=32 L=512: 22.814ms 718156 tok/s 11445MB
[dqwen3.5-2b-base-v3] head B=1 L=1024: 1.486ms 689098 tok/s 4111MB
[dqwen3.5-2b-base-v3] head B=2 L=1024: 2.92ms 701370 tok/s 4599MB
[dqwen3.5-2b-base-v3] head B=4 L=1024: 5.671ms 722271 tok/s 5577MB
[dqwen3.5-2b-base-v3] head B=8 L=1024: 11.465ms 714522 tok/s 7533MB
[dqwen3.5-2b-base-v3] head B=16 L=1024: 22.813ms 718187 tok/s 11445MB
[dqwen3.5-2b-base-v3] head B=32 L=1024: 45.256ms 724059 tok/s 19269MB
[dqwen3.5-2b-base-v3] head B=1 L=2048: 2.842ms 720619 tok/s 4599MB
[dqwen3.5-2b-base-v3] head B=2 L=2048: 5.699ms 718723 tok/s 5577MB
[dqwen3.5-2b-base-v3] head B=4 L=2048: 11.489ms 713030 tok/s 7533MB
[dqwen3.5-2b-base-v3] head B=8 L=2048: 22.542ms 726821 tok/s 11445MB
[dqwen3.5-2b-base-v3] head B=16 L=2048: 45.291ms 723499 tok/s 19269MB
[dqwen3.5-2b-base-v3] head B=32 L=2048: 90.46ms 724475 tok/s 34917MB
[dqwen3.5-2b-base-v3] head B=1 L=4096: 5.44ms 752941 tok/s 5577MB
[dqwen3.5-2b-base-v3] head B=2 L=4096: 11.352ms 721635 tok/s 7533MB
[dqwen3.5-2b-base-v3] head B=4 L=4096: 22.824ms 717841 tok/s 11445MB
[dqwen3.5-2b-base-v3] head B=8 L=4096: 45.305ms 723276 tok/s 19269MB
[dqwen3.5-2b-base-v3] head B=16 L=4096: 90.594ms 723403 tok/s 34917MB
[dqwen3.5-2b-base-v3] head B=32 L=4096: 173.312ms 756278 tok/s 66213MB
[dqwen3.5-2b-base-v3] head B=1 L=8192: 11.494ms 712720 tok/s 7533MB
[dqwen3.5-2b-base-v3] head B=2 L=8192: 22.788ms 718975 tok/s 11445MB
[dqwen3.5-2b-base-v3] head B=4 L=8192: 45.331ms 722861 tok/s 19269MB
[dqwen3.5-2b-base-v3] head B=8 L=8192: 90.143ms 727023 tok/s 34917MB
[dqwen3.5-2b-base-v3] head B=16 L=8192: 179.24ms 731265 tok/s 66213MB
[dqwen3.5-2b-base-v3] head B=32 L=8192: OOM
=== deployment dqwen3-1.7b-base-v3 2026-08-27T01:09:37-05:00 ===
Loading weights:   0%|          | 0/310 [00:00<?, ?it/s]Loading weights:  19%|█▊        | 58/310 [00:00<00:00, 568.45it/s]Loading weights:  37%|███▋      | 115/310 [00:00<00:00, 536.34it/s]Loading weights:  62%|██████▏   | 192/310 [00:00<00:00, 634.59it/s]Loading weights: 100%|██████████| 310/310 [00:00<00:00, 814.05it/s]
[dqwen3-1.7b-base-v3] {'model': 'dqwen3-1.7b-base-v3', 'revision': 'step50000-swa', 'd': 2048, 'vocab': 151936, 'device': 'NVIDIA GH200 120GB', 'torch': '2.10.0+cu129', 'sdpa_arm': 'fast', 'flash_sdp': True, 'mem_eff_sdp': True, 'fla': True, 'causal_conv1d': True, 'trunk_module': 'Qwen3Model', 'embeds_kw': 'inputs_embeds', 'warmup': 5}
[dqwen3-1.7b-base-v3] full B=1 L=256: 26.407ms 9694 tok/s 3390MB
[dqwen3-1.7b-base-v3] full B=2 L=256: 26.348ms 19432 tok/s 3469MB
[dqwen3-1.7b-base-v3] full B=4 L=256: 27.088ms 37803 tok/s 3623MB
[dqwen3-1.7b-base-v3] full B=8 L=256: 27.791ms 73693 tok/s 3932MB
[dqwen3-1.7b-base-v3] full B=16 L=256: 40.712ms 100609 tok/s 4550MB
[dqwen3-1.7b-base-v3] full B=32 L=256: 79.964ms 102446 tok/s 5785MB
[dqwen3-1.7b-base-v3] full B=1 L=512: 26.077ms 19634 tok/s 3467MB
[dqwen3-1.7b-base-v3] full B=2 L=512: 28.137ms 36393 tok/s 3623MB
[dqwen3-1.7b-base-v3] full B=4 L=512: 28.695ms 71371 tok/s 3932MB
[dqwen3-1.7b-base-v3] full B=8 L=512: 41.234ms 99335 tok/s 4550MB
[dqwen3-1.7b-base-v3] full B=16 L=512: 80.768ms 101426 tok/s 5785MB
[dqwen3-1.7b-base-v3] full B=32 L=512: 156.81ms 104483 tok/s 8255MB
[dqwen3-1.7b-base-v3] full B=1 L=1024: 28.086ms 36459 tok/s 3619MB
[dqwen3-1.7b-base-v3] full B=2 L=1024: 28.734ms 71274 tok/s 3932MB
[dqwen3-1.7b-base-v3] full B=4 L=1024: 42.856ms 95576 tok/s 4550MB
[dqwen3-1.7b-base-v3] full B=8 L=1024: 83.147ms 98524 tok/s 5784MB
[dqwen3-1.7b-base-v3] full B=16 L=1024: 161.629ms 101368 tok/s 8255MB
[dqwen3-1.7b-base-v3] full B=32 L=1024: 316.909ms 103399 tok/s 13195MB
[dqwen3-1.7b-base-v3] full B=1 L=2048: 28.054ms 73002 tok/s 3924MB
[dqwen3-1.7b-base-v3] full B=2 L=2048: 46.121ms 88810 tok/s 4550MB
[dqwen3-1.7b-base-v3] full B=4 L=2048: 88.926ms 92122 tok/s 5784MB
[dqwen3-1.7b-base-v3] full B=8 L=2048: 172.239ms 95124 tok/s 8255MB
[dqwen3-1.7b-base-v3] full B=16 L=2048: 337.306ms 97146 tok/s 13195MB
[dqwen3-1.7b-base-v3] full B=32 L=2048: 664.255ms 98661 tok/s 23076MB
[dqwen3-1.7b-base-v3] full B=1 L=4096: 49.529ms 82699 tok/s 4534MB
[dqwen3-1.7b-base-v3] full B=2 L=4096: 98.03ms 83566 tok/s 5784MB
[dqwen3-1.7b-base-v3] full B=4 L=4096: 191.901ms 85377 tok/s 8255MB
[dqwen3-1.7b-base-v3] full B=8 L=4096: 377.091ms 86897 tok/s 13195MB
[dqwen3-1.7b-base-v3] full B=16 L=4096: 746.164ms 87831 tok/s 23075MB
[dqwen3-1.7b-base-v3] full B=32 L=4096: 1488.235ms 88072 tok/s 42837MB
[dqwen3-1.7b-base-v3] full B=1 L=8192: 118.299ms 69248 tok/s 5752MB
[dqwen3-1.7b-base-v3] full B=2 L=8192: 233.83ms 70068 tok/s 8255MB
[dqwen3-1.7b-base-v3] full B=4 L=8192: 460.352ms 71180 tok/s 13195MB
[dqwen3-1.7b-base-v3] full B=8 L=8192: 912.286ms 71837 tok/s 23075MB
[dqwen3-1.7b-base-v3] full B=16 L=8192: 1799.717ms 72829 tok/s 42836MB
[dqwen3-1.7b-base-v3] full B=32 L=8192: OOM
[dqwen3-1.7b-base-v3] trunk B=1 L=256: 27.117ms 9441 tok/s 3327MB
[dqwen3-1.7b-base-v3] trunk B=2 L=256: 26.459ms 19351 tok/s 3340MB
[dqwen3-1.7b-base-v3] trunk B=4 L=256: 26.439ms 38731 tok/s 3366MB
[dqwen3-1.7b-base-v3] trunk B=8 L=256: 26.402ms 77570 tok/s 3418MB
[dqwen3-1.7b-base-v3] trunk B=16 L=256: 36.791ms 111332 tok/s 3522MB
[dqwen3-1.7b-base-v3] trunk B=32 L=256: 72.584ms 112862 tok/s 3730MB
[dqwen3-1.7b-base-v3] trunk B=1 L=512: 26.241ms 19511 tok/s 3341MB
[dqwen3-1.7b-base-v3] trunk B=2 L=512: 25.936ms 39482 tok/s 3367MB
[dqwen3-1.7b-base-v3] trunk B=4 L=512: 26.192ms 78192 tok/s 3419MB
[dqwen3-1.7b-base-v3] trunk B=8 L=512: 37.413ms 109481 tok/s 3523MB
[dqwen3-1.7b-base-v3] trunk B=16 L=512: 73.818ms 110976 tok/s 3731MB
[dqwen3-1.7b-base-v3] trunk B=32 L=512: 141.7ms 115625 tok/s 4147MB
[dqwen3-1.7b-base-v3] trunk B=1 L=1024: 27.481ms 37262 tok/s 3367MB
[dqwen3-1.7b-base-v3] trunk B=2 L=1024: 26.741ms 76587 tok/s 3419MB
[dqwen3-1.7b-base-v3] trunk B=4 L=1024: 38.843ms 105450 tok/s 3523MB
[dqwen3-1.7b-base-v3] trunk B=8 L=1024: 76.445ms 107162 tok/s 3731MB
[dqwen3-1.7b-base-v3] trunk B=16 L=1024: 147.0ms 111456 tok/s 4147MB
[dqwen3-1.7b-base-v3] trunk B=32 L=1024: 286.419ms 114406 tok/s 4979MB
[dqwen3-1.7b-base-v3] trunk B=1 L=2048: 27.687ms 73970 tok/s 3419MB
[dqwen3-1.7b-base-v3] trunk B=2 L=2048: 41.491ms 98720 tok/s 3523MB
[dqwen3-1.7b-base-v3] trunk B=4 L=2048: 81.789ms 100160 tok/s 3731MB
[dqwen3-1.7b-base-v3] trunk B=8 L=2048: 157.458ms 104053 tok/s 4147MB
[dqwen3-1.7b-base-v3] trunk B=16 L=2048: 308.07ms 106365 tok/s 4979MB
[dqwen3-1.7b-base-v3] trunk B=32 L=2048: 609.539ms 107517 tok/s 6643MB
[dqwen3-1.7b-base-v3] trunk B=1 L=4096: 46.535ms 88020 tok/s 3524MB
[dqwen3-1.7b-base-v3] trunk B=2 L=4096: 92.371ms 88686 tok/s 3732MB
[dqwen3-1.7b-base-v3] trunk B=4 L=4096: 178.76ms 91654 tok/s 4148MB
[dqwen3-1.7b-base-v3] trunk B=8 L=4096: 350.484ms 93494 tok/s 4980MB
[dqwen3-1.7b-base-v3] trunk B=16 L=4096: 692.505ms 94636 tok/s 6644MB
[dqwen3-1.7b-base-v3] trunk B=32 L=4096: 1391.255ms 94211 tok/s 9972MB
[dqwen3-1.7b-base-v3] trunk B=1 L=8192: 113.052ms 72462 tok/s 3734MB
[dqwen3-1.7b-base-v3] trunk B=2 L=8192: 220.694ms 74239 tok/s 4150MB
[dqwen3-1.7b-base-v3] trunk B=4 L=8192: 434.332ms 75445 tok/s 4982MB
[dqwen3-1.7b-base-v3] trunk B=8 L=8192: 860.43ms 76167 tok/s 6646MB
[dqwen3-1.7b-base-v3] trunk B=16 L=8192: 1714.567ms 76446 tok/s 9974MB
[dqwen3-1.7b-base-v3] trunk B=32 L=8192: 3443.642ms 76124 tok/s 16630MB
[dqwen3-1.7b-base-v3] head B=1 L=256: 0.258ms 992248 tok/s 3389MB
[dqwen3-1.7b-base-v3] head B=2 L=256: 0.433ms 1182448 tok/s 3465MB
[dqwen3-1.7b-base-v3] head B=4 L=256: 0.861ms 1189315 tok/s 3615MB
[dqwen3-1.7b-base-v3] head B=8 L=256: 1.639ms 1249542 tok/s 3916MB
[dqwen3-1.7b-base-v3] head B=16 L=256: 3.503ms 1169283 tok/s 4518MB
[dqwen3-1.7b-base-v3] head B=32 L=256: 7.0ms 1170286 tok/s 5720MB
[dqwen3-1.7b-base-v3] head B=1 L=512: 0.501ms 1021956 tok/s 3465MB
[dqwen3-1.7b-base-v3] head B=2 L=512: 0.929ms 1102260 tok/s 3615MB
[dqwen3-1.7b-base-v3] head B=4 L=512: 1.748ms 1171625 tok/s 3916MB
[dqwen3-1.7b-base-v3] head B=8 L=512: 3.54ms 1157062 tok/s 4518MB
[dqwen3-1.7b-base-v3] head B=16 L=512: 6.976ms 1174312 tok/s 5720MB
[dqwen3-1.7b-base-v3] head B=32 L=512: 14.003ms 1170035 tok/s 8126MB
[dqwen3-1.7b-base-v3] head B=1 L=1024: 0.917ms 1116685 tok/s 3615MB
[dqwen3-1.7b-base-v3] head B=2 L=1024: 1.735ms 1180403 tok/s 3916MB
[dqwen3-1.7b-base-v3] head B=4 L=1024: 3.533ms 1159355 tok/s 4518MB
[dqwen3-1.7b-base-v3] head B=8 L=1024: 7.091ms 1155267 tok/s 5720MB
[dqwen3-1.7b-base-v3] head B=16 L=1024: 14.005ms 1169868 tok/s 8126MB
[dqwen3-1.7b-base-v3] head B=32 L=1024: 27.75ms 1180829 tok/s 12938MB
[dqwen3-1.7b-base-v3] head B=1 L=2048: 1.704ms 1201878 tok/s 3916MB
[dqwen3-1.7b-base-v3] head B=2 L=2048: 3.504ms 1168950 tok/s 4518MB
[dqwen3-1.7b-base-v3] head B=4 L=2048: 7.06ms 1160340 tok/s 5720MB
[dqwen3-1.7b-base-v3] head B=8 L=2048: 14.013ms 1169200 tok/s 8126MB
[dqwen3-1.7b-base-v3] head B=16 L=2048: 27.747ms 1180956 tok/s 12938MB
[dqwen3-1.7b-base-v3] head B=32 L=2048: 55.423ms 1182469 tok/s 22562MB
[dqwen3-1.7b-base-v3] head B=1 L=4096: 3.307ms 1238585 tok/s 4518MB
[dqwen3-1.7b-base-v3] head B=2 L=4096: 7.037ms 1164132 tok/s 5720MB
[dqwen3-1.7b-base-v3] head B=4 L=4096: 14.01ms 1169450 tok/s 8126MB
[dqwen3-1.7b-base-v3] head B=8 L=4096: 27.743ms 1181127 tok/s 12938MB
[dqwen3-1.7b-base-v3] head B=16 L=4096: 55.454ms 1181808 tok/s 22562MB
[dqwen3-1.7b-base-v3] head B=32 L=4096: 110.581ms 1185303 tok/s 41810MB
[dqwen3-1.7b-base-v3] head B=1 L=8192: 7.08ms 1157062 tok/s 5720MB
[dqwen3-1.7b-base-v3] head B=2 L=8192: 14.037ms 1167201 tok/s 8126MB
[dqwen3-1.7b-base-v3] head B=4 L=8192: 27.738ms 1181340 tok/s 12938MB
[dqwen3-1.7b-base-v3] head B=8 L=8192: 55.448ms 1181936 tok/s 22562MB
[dqwen3-1.7b-base-v3] head B=16 L=8192: 106.328ms 1232714 tok/s 41810MB
[dqwen3-1.7b-base-v3] head B=32 L=8192: 213.092ms 1230192 tok/s 80306MB
=== tier1 deployment done 2026-08-27T01:20:04-05:00 ===

[exited with code 0]
